1/103 B10_N1_single1: 14.0000s (wall 0.2s)
2/103 B10_N1_p2p1: 14.0000s (wall 0.2s)
3/103 B10_N8_multi8: 14.0000s (wall 0.1s)
4/103 B10_N8_multi4: 28.0000s (wall 0.2s)
5/103 B10_N8_p2p1: 14.1752s (wall 0.2s)
6/103 B10_N16_multi4: 56.0000s (wall 0.2s)
7/103 B10_N8_single1: 112.0000s (wall 0.4s)
8/103 B10_N16_multi8: 28.0000s (wall 0.1s)
9/103 B10_N16_single1: 224.0000s (wall 0.5s)
10/103 B10_N32_multi4: 112.0000s (wall 0.3s)
11/103 B10_N16_p2p1: 14.3753s (wall 0.5s)
12/103 B10_N32_multi8: 56.0000s (wall 0.2s)
13/103 B10_N32_single1: 448.0000s (wall 1.0s)
14/103 B10_N50_multi4: 182.0000s (wall 0.5s)
15/103 B10_N50_multi8: 98.0000s (wall 0.3s)
16/103 B10_N32_p2p1: 14.7756s (wall 1.3s)
17/103 B10_N50_single1: 700.0000s (wall 1.7s)
18/103 B10_N100_multi4: 350.0000s (wall 1.1s)
19/103 B10_N100_multi8: 182.0000s (wall 0.7s)
20/103 B40_N1_single1: 3.5000s (wall 0.0s)
21/103 B40_N1_p2p1: 3.5000s (wall 0.0s)
22/103 B40_N8_single1: 28.0000s (wall 0.2s)
23/103 B40_N8_multi4: 7.0000s (wall 0.1s)
24/103 B40_N8_multi8: 3.5000s (wall 0.0s)
25/103 B40_N8_p2p1: 3.5439s (wall 0.2s)
26/103 B10_N50_p2p1: 15.2260s (wall 2.6s)
27/103 B40_N16_multi4: 14.0000s (wall 0.2s)
28/103 B40_N16_single1: 56.0000s (wall 0.5s)
29/103 B40_N16_multi8: 7.0000s (wall 0.1s)
30/103 B40_N16_p2p1: 3.5941s (wall 0.5s)
31/103 B40_N32_multi4: 28.0000s (wall 0.3s)
32/103 B10_N100_single1: 1400.0000s (wall 3.5s)
33/103 B40_N32_multi8: 14.0000s (wall 0.2s)
34/103 B40_N32_single1: 112.0000s (wall 1.0s)
35/103 B40_N50_multi4: 45.5000s (wall 0.5s)
36/103 B40_N50_multi8: 24.5000s (wall 0.3s)
37/103 B40_N32_p2p1: 3.6944s (wall 1.3s)
38/103 B40_N50_single1: 175.0000s (wall 1.6s)
39/103 B40_N100_multi4: 87.5000s (wall 1.1s)
40/103 B40_N100_multi8: 45.5000s (wall 0.7s)
41/103 B40_N50_p2p1: 3.8073s (wall 2.6s)
42/103 B40_N100_single1: 350.0000s (wall 3.5s)
43/103 B10_N100_p2p1: 16.4770s (wall 8.7s)
44/103 fabric_10_single: 1400.0000s (wall 3.5s)
45/103 fabric_100_single: 1400.0000s (wall 3.5s)
46/103 B40_N100_p2p1: 4.1208s (wall 8.8s)
47/103 fabric_400_single: 1400.0000s (wall 3.5s)
48/103 sink_1_single: 14000.0000s (wall 3.4s)
49/103 fabric_10_p2p: 1400.0000s (wall 16.8s)
50/103 fabric_100_p2p: 140.2253s (wall 16.8s)
51/103 memory_10_single: 1400.0000s (wall 3.5s)
52/103 sink_1_p2p: 164.7520s (wall 8.5s)
53/103 peer_upload_1_single: 1400.0000s (wall 3.5s)
54/103 fabric_400_p2p: 35.9759s (wall 16.8s)
55/103 slow_peer_0.1_single: 1526.0000s (wall 3.5s)
56/103 fast_source_200_single: 70.0000s (wall 0.3s)
57/103 memory_10_p2p: 32.9020s (wall 8.9s)
58/103 fast_source_200_p2p: 261.5020s (wall 0.6s)
59/103 peer_upload_1_p2p: 164.5270s (wall 8.5s)
60/103 slow_peer_0.1_p2p: 142.7020s (wall 6.5s)
61/103 rack_2_local_single: 7000.0000s (wall 3.5s)
62/103 rack_2_random_single: 7000.0000s (wall 3.5s)
63/103 rack_2_local_p2p: 73.3770s (wall 8.6s)
64/103 chunk_0.25: 16.4770s (wall 8.7s)
65/103 chunk_1: 23.9020s (wall 1.8s)
66/103 chunk_4: 53.6020s (wall 0.3s)
67/103 chunk_140: 1400.0020s (wall 0.0s)
68/103 slots_1: 16.4770s (wall 8.7s)
69/103 rack_2_random_p2p: 731.4407s (wall 26.9s)
70/103 slots_16: 53.6020s (wall 2.4s)
71/103 delay_0: 16.4750s (wall 0.2s)
72/103 slots_4: 23.9020s (wall 6.0s)
73/103 delay_0.001: 16.5750s (wall 2.4s)
74/103 delay_0.01: 17.4750s (wall 0.6s)
75/103 source_5_single: 2800.0000s (wall 0.3s)
76/103 source_5_p2p: 274.0020s (wall 0.9s)
77/103 source_10_single: 1400.0000s (wall 0.3s)
78/103 source_10_p2p: 261.5020s (wall 0.6s)
79/103 source_21.25_single: 658.8235s (wall 0.3s)
80/103 source_21.25_p2p: 261.5020s (wall 0.6s)
81/103 source_40_single: 350.0000s (wall 0.3s)
82/103 chunk_0.0625: 14.6208s (wall 36.1s)
83/103 source_80_single: 175.0000s (wall 0.3s)
84/103 delay_2e-05: 16.4770s (wall 8.7s)
85/103 source_40_p2p: 261.5020s (wall 0.6s)
86/103 source_200_single: 70.0000s (wall 0.3s)
87/103 source_80_p2p: 261.5020s (wall 0.6s)
88/103 source_200_p2p: 261.5020s (wall 0.6s)
89/103 random_1: 722.8904s (wall 26.5s)
90/103 random_0: 725.3110s (wall 28.2s)
91/103 random_2: 712.2301s (wall 28.1s)
92/103 rotating_slots4: 34.8262s (wall 6.4s)
93/103 size_14_single: 140.0000s (wall 0.3s)
94/103 size_14_p2p: 3.8770s (wall 0.5s)
95/103 size_70_single: 700.0000s (wall 1.7s)
96/103 size_70_p2p: 9.4770s (wall 4.1s)
97/103 size_140_single: 1400.0000s (wall 3.5s)
98/103 size_140_p2p: 16.4770s (wall 8.7s)
99/103 random_3: 732.7669s (wall 29.0s)
100/103 random_4: 735.0415s (wall 28.6s)
101/103 size_280_single: 2800.0000s (wall 6.8s)
102/103 size_280_p2p: 30.4770s (wall 17.2s)
103/103 chunk_0.015625: 14.1567s (wall 143.6s)
